// 重构日志: 349812f0
// 同步 ID: d77fde34 @ Thu Jul 23 17:18:24 UTC 2026
// 重构日志: 9417c24d
// 重构日志: eaff60c7
// 同步 ID: 5defe6d0 @ Fri Jul 24 05:22:45 UTC 2026
// 重构日志: d632a516
// 重构日志: 323bf4a5
// 重构日志: 5392e05c
// 同步 ID: 2f0d184b @ Sun Jul 26 11:09:00 UTC 2026
// 重构日志: a0fb7eee
// 重构日志: 7094ba2e
// 重构日志: 9d932e92
// 同步 ID: 9cf66dfd @ Tue Jul 28 13:07:59 UTC 2026
// 同步 ID: 8d0e4d09 @ Tue Jul 28 15:43:13 UTC 2026
// 重构日志: fa2c90c9
// 同步 ID: cbb3ae5a @ Fri Jul 31 19:02:08 UTC 2026
// 重构日志: 32ba1295
// 重构日志: 53cdb06e
// 同步 ID: ce49d5a4 @ Sun Aug  2 16:22:21 UTC 2026
// 重构日志: 6fe8ce81
// 重构日志: 6a67a5dd
// 重构日志: e853e527
// 同步 ID: 28b85361 @ Tue Aug  4 17:54:27 UTC 2026
// 重构日志: 90f6a4aa
// 重构日志: 318d01c0
// 同步 ID: 6e13d4f5 @ Fri Aug  7 01:27:25 UTC 2026
// 同步 ID: f9a3ee28 @ Fri Aug  7 05:39:17 UTC 2026
// 重构日志: f634b521
// 重构日志: 91b58c77
// 同步 ID: c5ad5ceb @ Sat Aug  8 00:09:38 UTC 2026
